2026-08-12T05:53:47.889Z [INFO]:  Logout: rendering the confirmation page
2026-08-12T05:53:47.907Z [INFO]:  Logout: rendering the confirmation page
2026-08-12T05:53:47.912Z [INFO]:  Logout: rendering the confirmation page
2026-08-12T05:53:47.916Z [INFO]:  Logout: rendering the confirmation page
2026-08-12T05:53:47.919Z [INFO]:  Logout: rendering the confirmation page
2026-08-12T05:53:47.922Z [INFO]:  Logout: rendering the confirmation page
2026-08-12T05:53:47.926Z [INFO]:  Logout: rendering the confirmation page
2026-08-12T05:53:47.936Z [INFO]:  Logout: rendering the confirmation page
2026-08-12T05:53:47.939Z [INFO]:  Logout: rendering the confirmation page
2026-08-12T05:53:47.941Z [INFO]:  Logout: rendering the confirmation page
2026-08-12T05:53:47.946Z [INFO]:  Logout: rendering the confirmation page
2026-08-12T05:53:47.949Z [INFO]:  Logout: rendering the confirmation page
2026-08-12T05:53:47.951Z [INFO]:  RP-Initiated Logout
2026-08-12T05:53:47.952Z [INFO]:  Logout: redirecting to post_logout_redirect_uri
2026-08-12T05:53:47.954Z [INFO]:  Logout: rendering the confirmation page
2026-08-12T05:53:47.957Z [INFO]:  RP-Initiated Logout
2026-08-12T05:53:47.957Z [INFO]:  Logout: post_logout_redirect_uri not allowed, rendering page
2026-08-12T05:53:47.959Z [INFO]:  Logout: rendering the confirmation page
2026-08-12T05:53:47.961Z [INFO]:  RP-Initiated Logout
2026-08-12T05:53:47.962Z [INFO]:  Logout: post_logout_redirect_uri not allowed, rendering page
2026-08-12T06:52:41.944Z [INFO]:  RP-Initiated Logout
2026-08-12T06:52:41.950Z [INFO]:  RP-Initiated Logout
2026-08-12T06:52:41.950Z [INFO]:  Logout: redirecting to post_logout_redirect_uri
2026-08-12T06:52:41.951Z [INFO]:  RP-Initiated Logout
2026-08-12T06:52:41.951Z [INFO]:  Backchannel logout deliver-all completed
2026-08-12T06:52:41.952Z [INFO]:  RP-Initiated Logout
2026-08-12T06:52:41.952Z [INFO]:  Logout: post_logout_redirect_uri not allowed, rendering page
2026-08-12T06:52:41.953Z [INFO]:  RP-Initiated Logout
2026-08-12T06:52:41.953Z [INFO]:  Logout: post_logout_redirect_uri not allowed, rendering page
2026-08-12T06:52:41.954Z [INFO]:  RP-Initiated Logout
2026-08-12T06:52:41.954Z [INFO]:  Logout: post_logout_redirect_uri not allowed, rendering page
2026-08-12T06:52:41.954Z [INFO]:  RP-Initiated Logout
2026-08-12T06:52:41.955Z [INFO]:  Logout: post_logout_redirect_uri not allowed, rendering page
2026-08-12T06:52:41.955Z [INFO]:  RP-Initiated Logout
2026-08-12T06:52:41.956Z [INFO]:  Logout: post_logout_redirect_uri not allowed, rendering page
2026-08-12T06:52:41.956Z [INFO]:  RP-Initiated Logout
2026-08-12T06:52:41.957Z [INFO]:  Logout: post_logout_redirect_uri not allowed, rendering page
2026-08-12T06:52:41.957Z [INFO]:  Logout: rendering the confirmation page
2026-08-12T06:52:41.958Z [INFO]:  Logout: rendering the confirmation page
2026-08-12T06:52:41.959Z [INFO]:  Logout: rendering the confirmation page
2026-08-12T06:52:41.959Z [INFO]:  Logout: rendering the confirmation page
2026-08-12T06:52:41.960Z [INFO]:  RP-Initiated Logout
2026-08-12T06:52:41.960Z [INFO]:  Logout: redirecting to post_logout_redirect_uri
2026-08-12T06:52:41.961Z [INFO]:  RP-Initiated Logout
2026-08-12T06:52:41.961Z [INFO]:  Logout: redirecting to post_logout_redirect_uri
2026-08-12T06:52:41.961Z [INFO]:  RP-Initiated Logout
2026-08-12T06:52:41.965Z [INFO]:  Logout: id_token_hint rejected, continuing without a subject
2026-08-12T06:52:41.965Z [INFO]:  RP-Initiated Logout
2026-08-12T06:52:42.069Z [INFO]:  Logout: id_token_hint rejected, continuing without a subject
2026-08-12T06:52:42.070Z [INFO]:  RP-Initiated Logout
2026-08-12T06:52:42.080Z [INFO]:  Logout: id_token_hint rejected, continuing without a subject
2026-08-12T06:52:42.081Z [INFO]:  RP-Initiated Logout
2026-08-12T06:52:42.091Z [INFO]:  Logout: id_token_hint rejected, continuing without a subject
2026-08-12T06:52:42.091Z [INFO]:  RP-Initiated Logout
2026-08-12T06:52:42.097Z [INFO]:  Logout: id_token_hint rejected, continuing without a subject
2026-08-12T06:52:42.097Z [INFO]:  RP-Initiated Logout
2026-08-12T06:52:42.097Z [INFO]:  Backchannel logout deliver-all completed
2026-08-12T06:53:01.224Z [INFO]:  Logout: rendering the confirmation page
2026-08-12T06:53:01.226Z [INFO]:  RP-Initiated Logout
2026-08-12T06:53:01.240Z [INFO]:  Logout: rendering the confirmation page
2026-08-12T06:53:01.248Z [INFO]:  Logout: rendering the confirmation page
2026-08-12T06:53:01.252Z [INFO]:  Logout: rendering the confirmation page
2026-08-12T06:53:01.256Z [INFO]:  Logout: rendering the confirmation page
2026-08-12T06:53:01.259Z [INFO]:  Logout: rendering the confirmation page
2026-08-12T06:53:01.262Z [INFO]:  Logout: rendering the confirmation page
2026-08-12T06:53:01.273Z [INFO]:  Logout: rendering the confirmation page
2026-08-12T06:53:01.276Z [INFO]:  Logout: rendering the confirmation page
2026-08-12T06:53:01.278Z [INFO]:  Logout: rendering the confirmation page
2026-08-12T06:53:01.283Z [INFO]:  Logout: rendering the confirmation page
2026-08-12T06:53:01.286Z [INFO]:  Logout: rendering the confirmation page
2026-08-12T06:53:01.288Z [INFO]:  RP-Initiated Logout
2026-08-12T06:53:01.289Z [INFO]:  Logout: post_logout_redirect_uri not allowed, rendering page
2026-08-12T06:53:01.296Z [INFO]:  Logout: rendering the confirmation page
2026-08-12T06:53:01.299Z [INFO]:  RP-Initiated Logout
2026-08-12T06:53:01.299Z [INFO]:  Logout: post_logout_redirect_uri not allowed, rendering page
2026-08-12T06:53:01.301Z [INFO]:  Logout: rendering the confirmation page
2026-08-12T06:53:01.304Z [INFO]:  RP-Initiated Logout
2026-08-12T06:53:01.304Z [INFO]:  Logout: post_logout_redirect_uri not allowed, rendering page
2026-08-12T06:53:01.230Z [INFO]:  RP-Initiated Logout
2026-08-12T06:53:01.230Z [INFO]:  Logout: redirecting to post_logout_redirect_uri
2026-08-12T06:53:01.231Z [INFO]:  RP-Initiated Logout
2026-08-12T06:53:01.231Z [INFO]:  Backchannel logout deliver-all completed
2026-08-12T06:53:01.232Z [INFO]:  RP-Initiated Logout
2026-08-12T06:53:01.232Z [INFO]:  Logout: post_logout_redirect_uri not allowed, rendering page
2026-08-12T06:53:01.233Z [INFO]:  RP-Initiated Logout
2026-08-12T06:53:01.233Z [INFO]:  Logout: post_logout_redirect_uri not allowed, rendering page
2026-08-12T06:53:01.234Z [INFO]:  RP-Initiated Logout
2026-08-12T06:53:01.234Z [INFO]:  Logout: post_logout_redirect_uri not allowed, rendering page
2026-08-12T06:53:01.235Z [INFO]:  RP-Initiated Logout
2026-08-12T06:53:01.235Z [INFO]:  Logout: post_logout_redirect_uri not allowed, rendering page
2026-08-12T06:53:01.235Z [INFO]:  RP-Initiated Logout
2026-08-12T06:53:01.235Z [INFO]:  Logout: post_logout_redirect_uri not allowed, rendering page
2026-08-12T06:53:01.236Z [INFO]:  RP-Initiated Logout
2026-08-12T06:53:01.236Z [INFO]:  Logout: post_logout_redirect_uri not allowed, rendering page
2026-08-12T06:53:01.237Z [INFO]:  Logout: rendering the confirmation page
2026-08-12T06:53:01.237Z [INFO]:  Logout: rendering the confirmation page
2026-08-12T06:53:01.238Z [INFO]:  Logout: rendering the confirmation page
2026-08-12T06:53:01.239Z [INFO]:  Logout: rendering the confirmation page
2026-08-12T06:53:01.239Z [INFO]:  RP-Initiated Logout
2026-08-12T06:53:01.240Z [INFO]:  Logout: redirecting to post_logout_redirect_uri
2026-08-12T06:53:01.240Z [INFO]:  RP-Initiated Logout
2026-08-12T06:53:01.240Z [INFO]:  Logout: redirecting to post_logout_redirect_uri
2026-08-12T06:53:01.241Z [INFO]:  RP-Initiated Logout
2026-08-12T06:53:01.243Z [INFO]:  Logout: id_token_hint rejected, continuing without a subject
2026-08-12T06:53:01.243Z [INFO]:  RP-Initiated Logout
2026-08-12T06:53:01.345Z [INFO]:  Logout: id_token_hint rejected, continuing without a subject
2026-08-12T06:53:01.345Z [INFO]:  RP-Initiated Logout
2026-08-12T06:53:01.360Z [INFO]:  Logout: verified id_token_hint
2026-08-12T06:53:01.361Z [INFO]:  RP-Initiated Logout
2026-08-12T06:53:01.361Z [INFO]:  Backchannel logout deliver-all completed
2026-08-12T06:53:01.366Z [INFO]:  Logout: id_token_hint rejected, continuing without a subject
2026-08-12T06:53:01.366Z [INFO]:  RP-Initiated Logout
2026-08-12T06:53:01.371Z [INFO]:  Logout: verified id_token_hint
2026-08-12T06:53:01.371Z [INFO]:  RP-Initiated Logout
2026-08-12T06:53:01.371Z [INFO]:  Backchannel logout deliver-all completed
2026-08-12T06:53:29.609Z [INFO]:  Logout: rendering the confirmation page
2026-08-12T06:53:29.639Z [INFO]:  Logout: rendering the confirmation page
2026-08-12T06:53:29.646Z [INFO]:  Logout: rendering the confirmation page
2026-08-12T06:53:29.657Z [INFO]:  Logout: rendering the confirmation page
2026-08-12T06:53:29.663Z [INFO]:  Logout: rendering the confirmation page
2026-08-12T06:53:29.667Z [INFO]:  Logout: rendering the confirmation page
2026-08-12T06:53:29.673Z [INFO]:  Logout: rendering the confirmation page
2026-08-12T06:53:29.688Z [INFO]:  Logout: rendering the confirmation page
2026-08-12T06:53:29.693Z [INFO]:  Logout: rendering the confirmation page
2026-08-12T06:53:29.697Z [INFO]:  Logout: rendering the confirmation page
2026-08-12T06:53:29.704Z [INFO]:  Logout: rendering the confirmation page
2026-08-12T06:53:29.708Z [INFO]:  Logout: rendering the confirmation page
2026-08-12T06:53:29.712Z [INFO]:  RP-Initiated Logout
2026-08-12T06:53:29.712Z [INFO]:  Logout: redirecting to post_logout_redirect_uri
2026-08-12T06:53:29.716Z [INFO]:  Logout: rendering the confirmation page
2026-08-12T06:53:29.720Z [INFO]:  RP-Initiated Logout
2026-08-12T06:53:29.720Z [INFO]:  Logout: post_logout_redirect_uri not allowed, rendering page
2026-08-12T06:53:29.724Z [INFO]:  Logout: rendering the confirmation page
2026-08-12T06:53:29.727Z [INFO]:  RP-Initiated Logout
2026-08-12T06:53:29.727Z [INFO]:  Logout: post_logout_redirect_uri not allowed, rendering page
2026-08-12T06:53:29.731Z [INFO]:  Logout: rendering the confirmation page
2026-08-12T06:53:29.734Z [INFO]:  RP-Initiated Logout
2026-08-12T06:53:29.734Z [INFO]:  Logout: post_logout_redirect_uri not allowed, rendering page
2026-08-12T06:53:29.737Z [INFO]:  Logout: rendering the confirmation page
2026-08-12T06:53:29.740Z [INFO]:  RP-Initiated Logout
2026-08-12T06:53:29.741Z [INFO]:  Logout: post_logout_redirect_uri not allowed, rendering page
2026-08-12T07:50:43.383Z [WARN]:  AUTH_USERS not set. Using default demo user admin:password. Set AUTH_USERS=subject:username:password:name;subject2:...
2026-08-12T07:50:44.240Z [INFO]: 3176bd60-593a-42f0-9c4a-86762398f50a Discovery parameters
2026-08-12T07:50:44.245Z [INFO]:  ::ffff:127.0.0.1 - - [12/Aug/2026:07:50:44 +0000] "GET /api/.well-known/openid-configuration HTTP/1.1" 200 32 "-" "-"
2026-08-12T07:50:44.269Z [INFO]: ad412c82-1b8b-45f6-9113-34dac15a457b Authorization request parameters
2026-08-12T07:50:44.269Z [INFO]: ad412c82-1b8b-45f6-9113-34dac15a457b Redirecting to login
2026-08-12T07:50:44.272Z [INFO]:  ::ffff:127.0.0.1 - - [12/Aug/2026:07:50:44 +0000] "GET /api/authorization?response_type=code&client_id=123&redirect_uri=http://localhost:3000/callback&scope=openid HTTP/1.1" 302 140 "-" "-"
2026-08-12T07:50:44.287Z [INFO]: bab6cb1b-7c57-4287-8ec0-00c6ec59eb4a Authorization request parameters
2026-08-12T07:50:44.287Z [INFO]: bab6cb1b-7c57-4287-8ec0-00c6ec59eb4a Redirecting to login
2026-08-12T07:50:44.289Z [INFO]:  ::ffff:127.0.0.1 - - [12/Aug/2026:07:50:44 +0000] "GET /api/authorization?client_id=123&request=eyJhbGciOiJFUzI1NiJ9.eyJpc3MiOiIxMjMifQ.sig HTTP/1.1" 302 106 "-" "-"
2026-08-12T07:50:44.294Z [INFO]: 8cb8bb75-7a52-4a20-92f6-c24bb9dc3713 Authorization request parameters
2026-08-12T07:50:44.295Z [INFO]: 8cb8bb75-7a52-4a20-92f6-c24bb9dc3713 Redirecting to login
2026-08-12T07:50:44.296Z [INFO]:  ::ffff:127.0.0.1 - - [12/Aug/2026:07:50:44 +0000] "GET /api/authorization?response_type=code&client_id=123&scope=openid HTTP/1.1" 302 86 "-" "-"
2026-08-12T07:50:44.302Z [INFO]:  ::ffff:127.0.0.1 - - [12/Aug/2026:07:50:44 +0000] "GET /api/authorization?response_type=code&redirect_uri=http://localhost:3000/callback HTTP/1.1" 400 87 "-" "-"
2026-08-12T07:50:44.317Z [INFO]: b351f48f-4e05-4965-a983-69c7a5fb6cc9 TokenService: decoded Basic auth
2026-08-12T07:50:44.317Z [INFO]: b351f48f-4e05-4965-a983-69c7a5fb6cc9 TokenService: received body
2026-08-12T07:50:44.317Z [INFO]: b351f48f-4e05-4965-a983-69c7a5fb6cc9 TokenService: URL-encoded parameters length
2026-08-12T07:50:44.317Z [INFO]: b351f48f-4e05-4965-a983-69c7a5fb6cc9 TokenService: calling Authlete token endpoint
2026-08-12T07:50:44.318Z [INFO]:  ::ffff:127.0.0.1 - c-1 [12/Aug/2026:07:50:44 +0000] "POST /api/token HTTP/1.1" 200 63 "-" "-"
2026-08-12T07:50:44.324Z [INFO]: 4f6a12a6-71c0-470a-a303-0cdb37cb883d Userinfo parameters
2026-08-12T07:50:44.325Z [INFO]:  ::ffff:127.0.0.1 - - [12/Aug/2026:07:50:44 +0000] "POST /api/userinfo HTTP/1.1" 200 16 "-" "-"
2026-08-12T07:50:44.329Z [INFO]: 1810da48-e61f-400e-8e69-aa84edb38ffb Userinfo parameters
2026-08-12T07:50:44.330Z [INFO]:  ::ffff:127.0.0.1 - - [12/Aug/2026:07:50:44 +0000] "POST /api/userinfo HTTP/1.1" 200 16 "-" "-"
2026-08-12T07:50:44.337Z [INFO]: d090ee3a-c1f3-48cd-b9e6-c232d3f7d9a5 Userinfo token presentation rejected
2026-08-12T07:50:44.338Z [INFO]:  ::ffff:127.0.0.1 - - [12/Aug/2026:07:50:44 +0000] "POST /api/userinfo HTTP/1.1" 401 149 "-" "-"
2026-08-12T07:50:44.343Z [INFO]: 228e9ce4-0bdb-45bf-9e12-5ae901f7d323 Userinfo token presentation rejected
2026-08-12T07:50:44.344Z [INFO]:  ::ffff:127.0.0.1 - - [12/Aug/2026:07:50:44 +0000] "POST /api/userinfo HTTP/1.1" 400 190 "-" "-"
2026-08-12T07:50:44.348Z [INFO]: 581258fd-0287-43e4-99a7-4c5ea3ace285 Userinfo token presentation rejected
2026-08-12T07:50:44.348Z [INFO]:  ::ffff:127.0.0.1 - - [12/Aug/2026:07:50:44 +0000] "POST /api/userinfo HTTP/1.1" 401 - "-" "-"
2026-08-12T07:50:44.353Z [INFO]: ad9b6a23-c2db-47c6-83a1-09c8c6ea7bba Userinfo parameters
2026-08-12T07:50:44.353Z [INFO]:  ::ffff:127.0.0.1 - - [12/Aug/2026:07:50:44 +0000] "POST /api/userinfo HTTP/1.1" 200 16 "-" "-"
2026-08-12T07:50:44.357Z [INFO]: 07b95083-1b08-4a43-9e4e-07d6543c2a08 Userinfo parameters
2026-08-12T07:50:44.358Z [INFO]:  ::ffff:127.0.0.1 - - [12/Aug/2026:07:50:44 +0000] "POST /api/userinfo HTTP/1.1" 401 115 "-" "-"
2026-08-12T07:50:44.363Z [INFO]: ac03bf69-5f1d-4359-8ba8-55f597e2a0e8 Introspection parameters
2026-08-12T07:50:44.363Z [INFO]: ac03bf69-5f1d-4359-8ba8-55f597e2a0e8 Introspection response received
2026-08-12T07:50:44.364Z [INFO]:  ::ffff:127.0.0.1 - test-admin [12/Aug/2026:07:50:44 +0000] "POST /api/introspection HTTP/1.1" 200 29 "-" "-"
2026-08-12T07:50:44.368Z [INFO]:  ::ffff:127.0.0.1 - - [12/Aug/2026:07:50:44 +0000] "POST /api/introspection HTTP/1.1" 401 79 "-" "-"
2026-08-12T07:50:44.373Z [INFO]: c1557fc8-7cb5-4736-b066-93b91c9f5158 StandardIntrospectionService: URL-encoded parameters length
2026-08-12T07:50:44.373Z [INFO]:  ::ffff:127.0.0.1 - test-admin [12/Aug/2026:07:50:44 +0000] "POST /api/introspection/standard HTTP/1.1" 200 15 "-" "-"
2026-08-12T07:50:44.377Z [INFO]:  ::ffff:127.0.0.1 - - [12/Aug/2026:07:50:44 +0000] "POST /api/introspection/standard HTTP/1.1" 401 79 "-" "-"
2026-08-12T07:50:44.381Z [INFO]: 8b071d3e-d3c1-4216-8621-4633aeda1040 RevocationService: decoded Basic auth
2026-08-12T07:50:44.381Z [INFO]: 8b071d3e-d3c1-4216-8621-4633aeda1040 RevocationService: URL-encoded parameters length
2026-08-12T07:50:44.382Z [INFO]: 8b071d3e-d3c1-4216-8621-4633aeda1040 RevocationService: calling Authlete revocation endpoint
2026-08-12T07:50:44.382Z [INFO]:  ::ffff:127.0.0.1 - c-1 [12/Aug/2026:07:50:44 +0000] "POST /api/revocation HTTP/1.1" 200 - "-" "-"
2026-08-12T07:50:44.386Z [INFO]:  ::ffff:127.0.0.1 - - [12/Aug/2026:07:50:44 +0000] "GET /api/.well-known/jwks.json HTTP/1.1" 200 36 "-" "-"
2026-08-12T07:50:44.393Z [INFO]: 5c55bb5f-b315-4289-b479-676f5a504695 CibaService: calling Authlete backchannel authentication endpoint
2026-08-12T07:50:44.394Z [INFO]:  ::ffff:127.0.0.1 - - [12/Aug/2026:07:50:44 +0000] "POST /api/ciba/authentication HTTP/1.1" 200 47 "-" "-"
2026-08-12T07:50:44.399Z [INFO]:  ::ffff:127.0.0.1 - - [12/Aug/2026:07:50:44 +0000] "POST /api/ciba/issue HTTP/1.1" 200 51 "-" "-"
2026-08-12T07:50:44.404Z [INFO]:  ::ffff:127.0.0.1 - - [12/Aug/2026:07:50:44 +0000] "POST /api/ciba/fail HTTP/1.1" 403 22 "-" "-"
2026-08-12T07:50:44.409Z [INFO]:  ::ffff:127.0.0.1 - - [12/Aug/2026:07:50:44 +0000] "POST /api/ciba/complete HTTP/1.1" 200 25 "-" "-"
2026-08-12T07:50:44.414Z [INFO]: fb3e6bc0-46b0-4284-8c5a-7bc98b2405b0 ParService: calling Authlete pushed authorization endpoint
2026-08-12T07:50:44.415Z [INFO]:  ::ffff:127.0.0.1 - - [12/Aug/2026:07:50:44 +0000] "POST /api/par HTTP/1.1" 201 171 "-" "-"
2026-08-12T07:50:44.419Z [INFO]: 5b2c5e95-3dec-404f-a702-fa0bfae38f2c DcrRegisterService: calling Authlete DCR register endpoint
2026-08-12T07:50:44.420Z [INFO]:  ::ffff:127.0.0.1 - test-admin [12/Aug/2026:07:50:44 +0000] "POST /api/client/dcr/register HTTP/1.1" 201 60 "-" "-"
2026-08-12T07:50:44.425Z [INFO]: 36d51f7e-5a1d-4a27-91a7-34cc5b720bdf DcrGetService: calling Authlete DCR get endpoint
2026-08-12T07:50:44.426Z [INFO]:  ::ffff:127.0.0.1 - - [12/Aug/2026:07:50:44 +0000] "POST /api/client/dcr/get HTTP/1.1" 200 55 "-" "-"
2026-08-12T07:50:44.430Z [INFO]: 8f42bb8e-6079-4f15-8dd4-66395c66c9b6 DcrDeleteService: calling Authlete DCR delete endpoint
2026-08-12T07:50:44.431Z [INFO]:  ::ffff:127.0.0.1 - - [12/Aug/2026:07:50:44 +0000] "POST /api/client/dcr/delete HTTP/1.1" 204 - "-" "-"
2026-08-12T07:50:44.436Z [INFO]: e0f66aed-babd-493c-8715-9f1184f62530 DcrUpdateService: calling Authlete DCR update endpoint
2026-08-12T07:50:44.436Z [INFO]:  ::ffff:127.0.0.1 - - [12/Aug/2026:07:50:44 +0000] "POST /api/client/dcr/update HTTP/1.1" 200 60 "-" "-"
2026-08-12T07:50:44.441Z [INFO]: bbbf32d3-54f5-4137-95ce-8484397e3b91 GrantManagement: query grant
2026-08-12T07:50:44.441Z [INFO]:  ::ffff:127.0.0.1 - - [12/Aug/2026:07:50:44 +0000] "GET /api/gm/g-1 HTTP/1.1" 200 17 "-" "-"
2026-08-12T07:50:44.445Z [ERROR]: 7d16eb98-fbb1-40a3-a62b-f9b6f0f2ee6b Grant ownership denied
2026-08-12T07:50:44.446Z [INFO]:  ::ffff:127.0.0.1 - - [12/Aug/2026:07:50:44 +0000] "GET /api/gm/g-alice HTTP/1.1" 403 107 "-" "-"
2026-08-12T07:50:44.450Z [ERROR]: 26c00769-944b-412a-b254-57cbb8ffc057 Grant ownership denied
2026-08-12T07:50:44.451Z [INFO]:  ::ffff:127.0.0.1 - - [12/Aug/2026:07:50:44 +0000] "GET /api/gm/g-1 HTTP/1.1" 403 107 "-" "-"
2026-08-12T07:50:44.455Z [INFO]:  ::ffff:127.0.0.1 - - [12/Aug/2026:07:50:44 +0000] "GET /api/gm/g-1 HTTP/1.1" 401 82 "-" "-"
2026-08-12T07:50:44.459Z [INFO]:  ::ffff:127.0.0.1 - - [12/Aug/2026:07:50:44 +0000] "GET /api/gm/g-1 HTTP/1.1" 403 112 "-" "-"
2026-08-12T07:50:44.463Z [INFO]: d170b300-3dcf-484f-a38c-53bc0b33319f GrantManagement: revoke grant
2026-08-12T07:50:44.464Z [INFO]:  ::ffff:127.0.0.1 - - [12/Aug/2026:07:50:44 +0000] "DELETE /api/gm/g-1 HTTP/1.1" 204 - "-" "-"
2026-08-12T07:50:44.468Z [ERROR]: b44f9eef-1a31-4c01-87bd-c803603d8750 Grant ownership denied
2026-08-12T07:50:44.468Z [INFO]:  ::ffff:127.0.0.1 - - [12/Aug/2026:07:50:44 +0000] "DELETE /api/gm/g-alice HTTP/1.1" 403 107 "-" "-"
2026-08-12T07:50:44.472Z [INFO]:  ::ffff:127.0.0.1 - - [12/Aug/2026:07:50:44 +0000] "GET /api/client/list HTTP/1.1" 401 79 "-" "-"
2026-08-12T07:50:44.477Z [ERROR]: 91954366-a90d-47e2-a1a5-af027894f358 Management credentials are not configured; denying administrative request
2026-08-12T07:50:44.478Z [INFO]:  ::ffff:127.0.0.1 - - [12/Aug/2026:07:50:44 +0000] "GET /api/client/list HTTP/1.1" 401 79 "-" "-"
2026-08-12T07:50:44.482Z [INFO]: 026a0b4f-e429-4678-9680-b0a2e7f629ab ClientListService: calling Authlete client list endpoint
2026-08-12T07:50:44.482Z [INFO]:  ::ffff:127.0.0.1 - test-admin [12/Aug/2026:07:50:44 +0000] "GET /api/client/list HTTP/1.1" 200 47 "-" "-"
2026-08-12T07:50:44.487Z [INFO]: 4ce16e10-f081-47eb-b621-8f544b5dc37b ClientCreateService: calling Authlete client create endpoint
2026-08-12T07:50:44.488Z [INFO]:  ::ffff:127.0.0.1 - test-admin [12/Aug/2026:07:50:44 +0000] "POST /api/client/create HTTP/1.1" 201 34 "-" "-"
2026-08-12T07:50:44.492Z [INFO]: aa1cd468-22a5-45d6-b35d-94a755cff3a4 TokenCreateService: calling Authlete token management endpoint
2026-08-12T07:50:44.493Z [INFO]:  ::ffff:127.0.0.1 - test-admin [12/Aug/2026:07:50:44 +0000] "POST /api/token/create HTTP/1.1" 200 36 "-" "-"
2026-08-12T07:50:44.497Z [INFO]:  TokenListService: calling Authlete token management endpoint
2026-08-12T07:50:44.498Z [INFO]:  ::ffff:127.0.0.1 - test-admin [12/Aug/2026:07:50:44 +0000] "GET /api/token/list HTTP/1.1" 200 35 "-" "-"
2026-08-12T07:50:44.503Z [INFO]:  ::ffff:127.0.0.1 - - [12/Aug/2026:07:50:44 +0000] "GET /api/fapi/config HTTP/1.1" 200 305 "-" "-"
2026-08-12T07:50:44.508Z [INFO]:  ::ffff:127.0.0.1 - - [12/Aug/2026:07:50:44 +0000] "GET /api/fapi/config HTTP/1.1" 200 327 "-" "-"
2026-08-12T07:50:44.513Z [INFO]:  ::ffff:127.0.0.1 - - [12/Aug/2026:07:50:44 +0000] "GET /api/fapi/status HTTP/1.1" 200 307 "-" "-"
2026-08-12T07:50:44.518Z [ERROR]: d59f007e-fa8b-4169-8abc-5cedf6f2c917 FAPI status error Authlete error
2026-08-12T07:50:44.519Z [ERROR]: d59f007e-fa8b-4169-8abc-5cedf6f2c917 Unhandled error Authlete error
2026-08-12T07:50:44.520Z [INFO]:  ::ffff:127.0.0.1 - - [12/Aug/2026:07:50:44 +0000] "GET /api/fapi/status HTTP/1.1" 500 60 "-" "-"
2026-08-12T07:50:44.528Z [INFO]: 0f85845f-edab-4e1e-bb1d-561111178422 ParService: calling Authlete pushed authorization endpoint
2026-08-12T07:50:44.528Z [INFO]:  ::ffff:127.0.0.1 - - [12/Aug/2026:07:50:44 +0000] "POST /api/par HTTP/1.1" 201 209 "-" "-"
2026-08-12T07:50:44.533Z [INFO]: 864dd652-5949-4a3a-a61c-d93ab814b8e4 TokenService: decoded Basic auth
2026-08-12T07:50:44.533Z [INFO]: 864dd652-5949-4a3a-a61c-d93ab814b8e4 TokenService: received body
2026-08-12T07:50:44.533Z [INFO]: 864dd652-5949-4a3a-a61c-d93ab814b8e4 TokenService: URL-encoded parameters length
2026-08-12T07:50:44.533Z [INFO]: 864dd652-5949-4a3a-a61c-d93ab814b8e4 TokenService: calling Authlete token endpoint
2026-08-12T07:50:44.534Z [INFO]:  ::ffff:127.0.0.1 - c-1 [12/Aug/2026:07:50:44 +0000] "POST /api/token HTTP/1.1" 200 66 "-" "-"
2026-08-12T07:50:44.538Z [INFO]: 3d9be263-fc81-4a87-8e40-74bc86bf3275 Introspection parameters
2026-08-12T07:50:44.538Z [INFO]: 3d9be263-fc81-4a87-8e40-74bc86bf3275 Introspection response received
2026-08-12T07:50:44.538Z [INFO]:  ::ffff:127.0.0.1 - test-admin [12/Aug/2026:07:50:44 +0000] "POST /api/introspection HTTP/1.1" 200 62 "-" "-"
2026-08-12T07:50:44.541Z [INFO]: ea29a5e4-19f6-4000-98dd-9ed56e73589c Userinfo parameters
2026-08-12T07:50:44.542Z [INFO]:  Prepared userinfo claims
2026-08-12T07:50:44.543Z [INFO]:  ::ffff:127.0.0.1 - - [12/Aug/2026:07:50:44 +0000] "POST /api/userinfo HTTP/1.1" 200 61 "-" "-"
2026-08-12T07:50:44.546Z [INFO]: 52d1ae42-71ed-4edb-8812-02d70cab5ba8 TokenService: decoded Basic auth
2026-08-12T07:50:44.546Z [INFO]: 52d1ae42-71ed-4edb-8812-02d70cab5ba8 TokenService: received body
2026-08-12T07:50:44.546Z [INFO]: 52d1ae42-71ed-4edb-8812-02d70cab5ba8 TokenService: URL-encoded parameters length
2026-08-12T07:50:44.546Z [INFO]: 52d1ae42-71ed-4edb-8812-02d70cab5ba8 TokenService: calling Authlete token endpoint
2026-08-12T07:50:44.547Z [INFO]:  ::ffff:127.0.0.1 - c-1 [12/Aug/2026:07:50:44 +0000] "POST /api/token HTTP/1.1" 200 70 "-" "-"
2026-08-12T07:50:44.551Z [INFO]:  ::ffff:127.0.0.1 - - [12/Aug/2026:07:50:44 +0000] "GET /api/health/authlete HTTP/1.1" 200 62 "-" "-"
2026-08-12T07:50:44.559Z [INFO]:  ::ffff:127.0.0.1 - - [12/Aug/2026:07:50:44 +0000] "GET /api/health/authlete HTTP/1.1" 502 80 "-" "-"
2026-08-12T07:51:33.285Z [INFO]:  Introspection parameters
2026-08-12T07:51:33.287Z [INFO]:  Introspection response received
2026-08-12T07:51:33.306Z [ERROR]:  Basic auth failed
2026-08-12T07:51:33.311Z [ERROR]:  Basic auth failed
2026-08-12T07:51:33.322Z [ERROR]:  Management credentials are not configured; denying administrative request
2026-08-12T07:51:33.327Z [ERROR]:  Management credentials are not configured; denying administrative request
2026-08-12T07:51:33.332Z [INFO]:  StandardIntrospectionService: URL-encoded parameters length
2026-08-12T07:51:33.339Z [ERROR]:  Basic auth failed
2026-08-12T07:51:33.343Z [ERROR]:  Basic auth failed
2026-08-12T07:51:33.352Z [ERROR]:  Management credentials are not configured; denying administrative request
2026-08-12T07:51:33.355Z [ERROR]:  Management credentials are not configured; denying administrative request
2026-08-12T07:51:33.361Z [INFO]:  StandardIntrospectionService: URL-encoded parameters length
2026-08-12T07:51:33.364Z [INFO]:  StandardIntrospectionService: URL-encoded parameters length
2026-08-12T07:58:52.111Z [INFO]:  Introspection parameters
2026-08-12T07:58:52.112Z [INFO]:  Introspection response received
2026-08-12T07:58:52.113Z [INFO]:  Introspection parameters
2026-08-12T07:58:52.113Z [INFO]:  Introspection response received
2026-08-12T07:58:52.114Z [INFO]:  Introspection parameters
2026-08-12T07:58:52.114Z [INFO]:  Introspection response received
2026-08-12T07:58:52.115Z [INFO]:  StandardIntrospectionService: URL-encoded parameters length
2026-08-12T07:59:01.550Z [INFO]:  Introspection parameters
2026-08-12T07:59:01.550Z [INFO]:  Introspection response received
2026-08-12T07:59:01.552Z [INFO]:  Introspection parameters
2026-08-12T07:59:01.552Z [INFO]:  Introspection response received
2026-08-12T07:59:01.553Z [INFO]:  Introspection parameters
2026-08-12T07:59:01.553Z [INFO]:  Introspection response received
2026-08-12T07:59:01.554Z [INFO]:  StandardIntrospectionService: URL-encoded parameters length
2026-08-12T08:00:59.373Z [INFO]:  Introspection parameters
2026-08-12T08:00:59.374Z [INFO]:  Introspection response received
2026-08-12T08:00:59.381Z [ERROR]:  Basic auth failed
2026-08-12T08:00:59.383Z [ERROR]:  Basic auth failed
2026-08-12T08:00:59.387Z [ERROR]:  Management credentials are not configured; denying administrative request
2026-08-12T08:00:59.388Z [ERROR]:  Management credentials are not configured; denying administrative request
2026-08-12T08:00:59.390Z [INFO]:  StandardIntrospectionService: URL-encoded parameters length
2026-08-12T08:00:59.393Z [ERROR]:  Basic auth failed
2026-08-12T08:00:59.394Z [ERROR]:  Basic auth failed
2026-08-12T08:00:59.397Z [ERROR]:  Management credentials are not configured; denying administrative request
2026-08-12T08:00:59.399Z [ERROR]:  Management credentials are not configured; denying administrative request
2026-08-12T08:00:59.401Z [INFO]:  StandardIntrospectionService: URL-encoded parameters length
2026-08-12T08:01:10.444Z [INFO]:  Introspection parameters
2026-08-12T08:01:10.445Z [INFO]:  Introspection response received
2026-08-12T08:01:10.452Z [ERROR]:  Basic auth failed
2026-08-12T08:01:10.453Z [ERROR]:  Basic auth failed
2026-08-12T08:01:10.457Z [ERROR]:  Management credentials are not configured; denying administrative request
2026-08-12T08:01:10.459Z [ERROR]:  Management credentials are not configured; denying administrative request
2026-08-12T08:01:10.461Z [INFO]:  StandardIntrospectionService: URL-encoded parameters length
2026-08-12T08:01:10.463Z [ERROR]:  Basic auth failed
2026-08-12T08:01:10.465Z [ERROR]:  Basic auth failed
2026-08-12T08:01:10.468Z [ERROR]:  Management credentials are not configured; denying administrative request
2026-08-12T08:01:10.469Z [ERROR]:  Management credentials are not configured; denying administrative request
2026-08-12T08:01:10.471Z [INFO]:  StandardIntrospectionService: URL-encoded parameters length
2026-08-12T08:01:10.472Z [INFO]:  StandardIntrospectionService: URL-encoded parameters length
2026-08-12T12:49:19.348Z [ERROR]:  Unknown token.fail action
