2026-08-12T07:50:44.445Z [ERROR]: 7d16eb98-fbb1-40a3-a62b-f9b6f0f2ee6b Grant ownership denied
2026-08-12T07:50:44.450Z [ERROR]: 26c00769-944b-412a-b254-57cbb8ffc057 Grant ownership denied
2026-08-12T07:50:44.468Z [ERROR]: b44f9eef-1a31-4c01-87bd-c803603d8750 Grant ownership denied
2026-08-12T07:50:44.477Z [ERROR]: 91954366-a90d-47e2-a1a5-af027894f358 Management credentials are not configured; denying administrative request
2026-08-12T07:50:44.518Z [ERROR]: d59f007e-fa8b-4169-8abc-5cedf6f2c917 FAPI status error Authlete error
2026-08-12T07:50:44.519Z [ERROR]: d59f007e-fa8b-4169-8abc-5cedf6f2c917 Unhandled error Authlete error
2026-08-12T07:51:33.306Z [ERROR]:  Basic auth failed
2026-08-12T07:51:33.311Z [ERROR]:  Basic auth failed
2026-08-12T07:51:33.322Z [ERROR]:  Management credentials are not configured; denying administrative request
2026-08-12T07:51:33.327Z [ERROR]:  Management credentials are not configured; denying administrative request
2026-08-12T07:51:33.339Z [ERROR]:  Basic auth failed
2026-08-12T07:51:33.343Z [ERROR]:  Basic auth failed
2026-08-12T07:51:33.352Z [ERROR]:  Management credentials are not configured; denying administrative request
2026-08-12T07:51:33.355Z [ERROR]:  Management credentials are not configured; denying administrative request
2026-08-12T08:00:59.381Z [ERROR]:  Basic auth failed
2026-08-12T08:00:59.383Z [ERROR]:  Basic auth failed
2026-08-12T08:00:59.387Z [ERROR]:  Management credentials are not configured; denying administrative request
2026-08-12T08:00:59.388Z [ERROR]:  Management credentials are not configured; denying administrative request
2026-08-12T08:00:59.393Z [ERROR]:  Basic auth failed
2026-08-12T08:00:59.394Z [ERROR]:  Basic auth failed
2026-08-12T08:00:59.397Z [ERROR]:  Management credentials are not configured; denying administrative request
2026-08-12T08:00:59.399Z [ERROR]:  Management credentials are not configured; denying administrative request
2026-08-12T08:01:10.452Z [ERROR]:  Basic auth failed
2026-08-12T08:01:10.453Z [ERROR]:  Basic auth failed
2026-08-12T08:01:10.457Z [ERROR]:  Management credentials are not configured; denying administrative request
2026-08-12T08:01:10.459Z [ERROR]:  Management credentials are not configured; denying administrative request
2026-08-12T08:01:10.463Z [ERROR]:  Basic auth failed
2026-08-12T08:01:10.465Z [ERROR]:  Basic auth failed
2026-08-12T08:01:10.468Z [ERROR]:  Management credentials are not configured; denying administrative request
2026-08-12T08:01:10.469Z [ERROR]:  Management credentials are not configured; denying administrative request
2026-08-12T12:49:19.348Z [ERROR]:  Unknown token.fail action
